LHSName "ascii"
RHSName "unicode-maths-script-bold"

pass(Unicode)

latin_small_letter_a <> mathematical_bold_script_small_a
latin_small_letter_b <> mathematical_bold_script_small_b
latin_small_letter_c <> mathematical_bold_script_small_c
latin_small_letter_d <> mathematical_bold_script_small_d
latin_small_letter_e <> mathematical_bold_script_small_e
latin_small_letter_f <> mathematical_bold_script_small_f
latin_small_letter_g <> mathematical_bold_script_small_g
latin_small_letter_h <> mathematical_bold_script_small_h
latin_small_letter_i <> mathematical_bold_script_small_i
latin_small_letter_j <> mathematical_bold_script_small_j
latin_small_letter_k <> mathematical_bold_script_small_k
latin_small_letter_l <> mathematical_bold_script_small_l
latin_small_letter_m <> mathematical_bold_script_small_m
latin_small_letter_n <> mathematical_bold_script_small_n
latin_small_letter_o <> mathematical_bold_script_small_o
latin_small_letter_p <> mathematical_bold_script_small_p
latin_small_letter_q <> mathematical_bold_script_small_q
latin_small_letter_r <> mathematical_bold_script_small_r
latin_small_letter_s <> mathematical_bold_script_small_s
latin_small_letter_t <> mathematical_bold_script_small_t
latin_small_letter_u <> mathematical_bold_script_small_u
latin_small_letter_v <> mathematical_bold_script_small_v
latin_small_letter_w <> mathematical_bold_script_small_w
latin_small_letter_x <> mathematical_bold_script_small_x
latin_small_letter_y <> mathematical_bold_script_small_y
latin_small_letter_z <> mathematical_bold_script_small_z

latin_capital_letter_a <> mathematical_bold_script_capital_a
latin_capital_letter_b <> mathematical_bold_script_capital_b
latin_capital_letter_c <> mathematical_bold_script_capital_c
latin_capital_letter_d <> mathematical_bold_script_capital_d
latin_capital_letter_e <> mathematical_bold_script_capital_e
latin_capital_letter_f <> mathematical_bold_script_capital_f
latin_capital_letter_g <> mathematical_bold_script_capital_g
latin_capital_letter_h <> mathematical_bold_script_capital_h
latin_capital_letter_i <> mathematical_bold_script_capital_i
latin_capital_letter_j <> mathematical_bold_script_capital_j
latin_capital_letter_k <> mathematical_bold_script_capital_k
latin_capital_letter_l <> mathematical_bold_script_capital_l
latin_capital_letter_m <> mathematical_bold_script_capital_m
latin_capital_letter_n <> mathematical_bold_script_capital_n
latin_capital_letter_o <> mathematical_bold_script_capital_o
latin_capital_letter_p <> mathematical_bold_script_capital_p
latin_capital_letter_q <> mathematical_bold_script_capital_q
latin_capital_letter_r <> mathematical_bold_script_capital_r
latin_capital_letter_s <> mathematical_bold_script_capital_s
latin_capital_letter_t <> mathematical_bold_script_capital_t
latin_capital_letter_u <> mathematical_bold_script_capital_u
latin_capital_letter_v <> mathematical_bold_script_capital_v
latin_capital_letter_w <> mathematical_bold_script_capital_w
latin_capital_letter_x <> mathematical_bold_script_capital_x
latin_capital_letter_y <> mathematical_bold_script_capital_y
latin_capital_letter_z <> mathematical_bold_script_capital_z

digit_one <> mathematical_bold_digit_one
digit_two <> mathematical_bold_digit_two
digit_three <> mathematical_bold_digit_three
digit_four <> mathematical_bold_digit_four
digit_five <> mathematical_bold_digit_five
digit_six <> mathematical_bold_digit_six
digit_seven <> mathematical_bold_digit_seven
digit_eight <> mathematical_bold_digit_eight
digit_nine <> mathematical_bold_digit_nine
digit_zero <> mathematical_bold_digit_zero
